// Jest Snapshot v1, https://goo.gl/fbAQLP

exports[`esta prueba no deve fallar 1`] = `
<div>
  <input
    placeholder="unit to convert"
  />
   
  <br />
  <label>
    <select>
      <option
        value="Kilometer"
      >
        Kilometer
      </option>
      <option
        value="Hectometer"
      >
        Hectometer
      </option>
      <option
        value="Meter"
      >
        Meter
      </option>
      <option
        value="Decimeter"
      >
        Decimeter
      </option>
      <option
        value="Centimeter"
      >
        Centimeter
      </option>
      <option
        value="Milimeter"
      >
        Milimeter
      </option>
    </select>
  </label>
  <label>
    <select>
      <option
        value="Kilometer"
      >
        Kilometer
      </option>
      <option
        value="Hectometer"
      >
        Hectometer
      </option>
      <option
        value="Meter"
      >
        Meter
      </option>
      <option
        value="Decimeter"
      >
        Decimeter
      </option>
      <option
        value="Centimeter"
      >
        Centimeter
      </option>
      <option
        value="Milimeter"
      >
        Milimeter
      </option>
    </select>
    <br />
  </label>
  <input
    disabled=""
    placeholder="result converted"
  />
  <br />
  <button>
    convert
  </button>
</div>
`;
